docker : Address already in use
En línea: 1 Carácter: 1
+ docker exec cycles_odoo odoo -u cycles --test-enable --stop-after-ini ...
+ ~~~~~~~~~~~~~~~~~~~~~~~~~~~~~~~~~~~~~~~~~~~~~~~~~~~~~~~~~~~~~~~~~~~~~
    + CategoryInfo          : NotSpecified: (Address already in use:String) [], RemoteException
    + FullyQualifiedErrorId : NativeCommandError
 
Port 8069 is in use by another program. Either identify and stop that program, or start the server with a different 
port.
